@2 00000044
@3 000000ee
@4 00139470
@5 00000007
@6 00000005
@1f 00400004